<testsuites name="results">
  <testsuite name="all" package="all">
    <property name="random_seed" value="1763371745" />
    <testcase name="ifc_or_test" classname="ifc_or_test" file="C:\Users\Posimsetty\Desktop\learning_coctb\test\ifc_or_test.py" lineno="42" time="0.10573005676269531" sim_time_ns="101.001" ratio_time="955.2723519924955" />
  </testsuite>
</testsuites>
